// Jest Snapshot v1, https://goo.gl/fbAQLP

exports[`toSafeInteger basic 1`] = `"No default value"`;
